../Drivers/CMSIS/Include/core_cm4.h:1684:22:__NVIC_EnableIRQ	16	static,ignoring_inline_asm
../Core/Src/main.c:101:5:main	32	static
../Core/Src/main.c:176:6:SystemClock_Config	88	static
../Core/Src/main.c:213:6:GPIO_Config	4	static
../Core/Src/main.c:234:6:TIM2_Config	8	static
../Core/Src/main.c:253:6:TIM2_IRQHandler	4	static
../Core/Src/main.c:266:6:USART2_Config	8	static
../Core/Src/main.c:285:6:USART2_IRQHandler	16	static
../Core/Src/main.c:316:6:USART2_sendChar	16	static
../Core/Src/main.c:324:6:USART2_sendTxt	16	static
../Core/Src/main.c:338:6:send_Number	24	static
../Core/Src/main.c:394:6:send_Error	8	static
../Core/Src/main.c:421:6:Error_Handler	8	static,ignoring_inline_asm
