../Drivers/CMSIS/Include/core_cm4.h:1684:22:__NVIC_EnableIRQ	16	static,ignoring_inline_asm
../Core/Src/main.c:101:5:main	8	static
../Core/Src/main.c:146:6:SystemClock_Config	88	static
../Core/Src/main.c:184:6:GPIO_Config	4	static
../Core/Src/main.c:216:6:TIM2_Config	8	static
../Core/Src/main.c:235:6:TIM2_IRQHandler	4	static
../Core/Src/main.c:270:6:EXTI1_Config	8	static
../Core/Src/main.c:287:6:EXTI1_IRQHandler	4	static
../Core/Src/main.c:308:6:EXTI15_10_Config	8	static
../Core/Src/main.c:325:6:EXTI4_IRQHandler	4	static
../Core/Src/main.c:358:6:send_Number	24	static
../Core/Src/main.c:418:6:Error_Handler	4	static,ignoring_inline_asm
